user@DESKTOP-B80A5JF MINGW64 ~/Documents/Komputer/Git (master)
$ git init
Reinitialized existing Git repository in C:/Users/user/Documents/Komputer/Git/.git/

user@DESKTOP-B80A5JF MINGW64 ~/Documents/Komputer/Git (master)
$ git status
On branch master

No commits yet

nothing to commit (create/copy files and use "git add" to track)

user@DESKTOP-B80A5JF MINGW64 ~/Documents/Komputer/Git (master)
$ touch test.txt

user@DESKTOP-B80A5JF MINGW64 ~/Documents/Komputer/Git (master)
$ ls
desktop.ini  test.txt

user@DESKTOP-B80A5JF MINGW64 ~/Documents/Komputer/Git (master)
$ git status
On branch master

No commits yet

Untracked files:
  (use "git add <file>..." to include in what will be committed)

        desktop.ini
        test.txt

nothing added to commit but untracked files present (use "git add" to track)

user@DESKTOP-B80A5JF MINGW64 ~/Documents/Komputer/Git (master)
$ git add test.txt

user@DESKTOP-B80A5JF MINGW64 ~/Documents/Komputer/Git (master)
$ git status
On branch master

No commits yet

Changes to be committed:
  (use "git rm --cached <file>..." to unstage)

        new file:   test.txt

Untracked files:
  (use "git add <file>..." to include in what will be committed)

        desktop.ini


user@DESKTOP-B80A5JF MINGW64 ~/Documents/Komputer/Git (master)
$ git status
On branch master

No commits yet

Changes to be committed:
  (use "git rm --cached <file>..." to unstage)

        new file:   test.txt

Changes not staged for commit:
  (use "git add <file>..." to update what will be committed)
  (use "git checkout -- <file>..." to discard changes in working directory)

        modified:   test.txt

Untracked files:
  (use "git add <file>..." to include in what will be committed)

        desktop.ini


user@DESKTOP-B80A5JF MINGW64 ~/Documents/Komputer/Git (master)
$ git add .

user@DESKTOP-B80A5JF MINGW64 ~/Documents/Komputer/Git (master)
$ git status
On branch master

No commits yet

Changes to be committed:
  (use "git rm --cached <file>..." to unstage)

        new file:   desktop.ini
        new file:   test.txt


user@DESKTOP-B80A5JF MINGW64 ~/Documents/Komputer/Git (master)
$ git commit -m 'added new file test.txt"
> git commit -m 'added new file test.txt'
>
>
> ^C

user@DESKTOP-B80A5JF MINGW64 ~/Documents/Komputer/Git (master)
$ git commit -m 'added new file test.txt'

*** Please tell me who you are.

Run

  git config --global user.email "you@example.com"
  git config --global user.name "Your Name"

to set your account's default identity.
Omit --global to set the identity only in this repository.

fatal: unable to auto-detect email address (got 'user@DESKTOP-B80A5JF.(none)')

user@DESKTOP-B80A5JF MINGW64 ~/Documents/Komputer/Git (master)
$ git config --global user.email 'rzewuska.aleksandra@gmail.com'

user@DESKTOP-B80A5JF MINGW64 ~/Documents/Komputer/Git (master)
$ git config -- global user.name "Ola"
error: key does not contain a section: global

user@DESKTOP-B80A5JF MINGW64 ~/Documents/Komputer/Git (master)
$ git config --global user.name 'Ola'

user@DESKTOP-B80A5JF MINGW64 ~/Documents/Komputer/Git (master)
$ git status
On branch master

No commits yet

Changes to be committed:
  (use "git rm --cached <file>..." to unstage)

        new file:   desktop.ini
        new file:   test.txt


user@DESKTOP-B80A5JF MINGW64 ~/Documents/Komputer/Git (master)
$ git commit -m 'added test.txt'
[master (root-commit) e7640dd] added test.txt
 2 files changed, 5 insertions(+)
 create mode 100644 desktop.ini
 create mode 100644 test.txt

user@DESKTOP-B80A5JF MINGW64 ~/Documents/Komputer/Git (master)
$ git log
commit e7640dd4ee521303545de73cd2727d927976b621 (HEAD -> master)
Author: Ola <rzewuska.aleksandra@gmail.com>
Date:   Tue Feb 5 19:05:00 2019 +0100

    added test.txt

user@DESKTOP-B80A5JF MINGW64 ~/Documents/Komputer/Git (master)
$ git branch test_branch

user@DESKTOP-B80A5JF MINGW64 ~/Documents/Komputer/Git (master)
$ git branch
* master
  test_branch

user@DESKTOP-B80A5JF MINGW64 ~/Documents/Komputer/Git (master)
$ git checkout test_branch
Switched to branch 'test_branch'

user@DESKTOP-B80A5JF MINGW64 ~/Documents/Komputer/Git (test_branch)
$ git status
On branch test_branch
Changes not staged for commit:
  (use "git add <file>..." to update what will be committed)
  (use "git checkout -- <file>..." to discard changes in working directory)

        modified:   test.txt

no changes added to commit (use "git add" and/or "git commit -a")

user@DESKTOP-B80A5JF MINGW64 ~/Documents/Komputer/Git (test_branch)
$ git commit
On branch test_branch
Changes not staged for commit:
        modified:   test.txt

no changes added to commit

user@DESKTOP-B80A5JF MINGW64 ~/Documents/Komputer/Git (test_branch)
$ i
bash: i: command not found

user@DESKTOP-B80A5JF MINGW64 ~/Documents/Komputer/Git (test_branch)
$ git add
Nothing specified, nothing added.
Maybe you wanted to say 'git add .'?

user@DESKTOP-B80A5JF MINGW64 ~/Documents/Komputer/Git (test_branch)
$ git add .

user@DESKTOP-B80A5JF MINGW64 ~/Documents/Komputer/Git (test_branch)
$ git commit
[test_branch 8d8085a] modified test.txt
 1 file changed, 2 insertions(+), 1 deletion(-)

user@DESKTOP-B80A5JF MINGW64 ~/Documents/Komputer/Git (test_branch)
$ vimtest.txt
bash: vimtest.txt: command not found

user@DESKTOP-B80A5JF MINGW64 ~/Documents/Komputer/Git (test_branch)
$ vim test.txt

user@DESKTOP-B80A5JF MINGW64 ~/Documents/Komputer/Git (test_branch)
$ vim test.txt

user@DESKTOP-B80A5JF MINGW64 ~/Documents/Komputer/Git (test_branch)
$ git add .

user@DESKTOP-B80A5JF MINGW64 ~/Documents/Komputer/Git (test_branch)
$ git commit -m
error: switch `m' requires a value

user@DESKTOP-B80A5JF MINGW64 ~/Documents/Komputer/Git (test_branch)
$ git commit -m 'modified one more time'
[test_branch 77fe618] modified one more time
 1 file changed, 4 insertions(+), 1 deletion(-)

user@DESKTOP-B80A5JF MINGW64 ~/Documents/Komputer/Git (test_branch)
$ git log
commit 77fe618282161b97805cba9f44f0108fd8a54610 (HEAD -> test_branch)
Author: Ola <rzewuska.aleksandra@gmail.com>
Date:   Tue Feb 5 19:17:35 2019 +0100

    modified one more time

commit 8d8085ac4de1f7c4d6f99f8b0ae22119b2cf19aa
Author: Ola <rzewuska.aleksandra@gmail.com>
Date:   Tue Feb 5 19:11:36 2019 +0100

    modified test.txt

commit e7640dd4ee521303545de73cd2727d927976b621 (master)
Author: Ola <rzewuska.aleksandra@gmail.com>
Date:   Tue Feb 5 19:05:00 2019 +0100

    added test.txt

user@DESKTOP-B80A5JF MINGW64 ~/Documents/Komputer/Git (test_branch)
$ less test.txt

user@DESKTOP-B80A5JF MINGW64 ~/Documents/Komputer/Git (test_branch)
$ git checkout master
Switched to branch 'master'

user@DESKTOP-B80A5JF MINGW64 ~/Documents/Komputer/Git (master)
$ less test.txt

user@DESKTOP-B80A5JF MINGW64 ~/Documents/Komputer/Git (master)
$ ls
desktop.ini  test.txt

user@DESKTOP-B80A5JF MINGW64 ~/Documents/Komputer/Git (master)
$ touch it_academy

user@DESKTOP-B80A5JF MINGW64 ~/Documents/Komputer/Git (master)
$ touch it_academy.txt

user@DESKTOP-B80A5JF MINGW64 ~/Documents/Komputer/Git (master)
$ vim it_academy.txt

user@DESKTOP-B80A5JF MINGW64 ~/Documents/Komputer/Git (master)
$ git add it_academy.txtstatus
fatal: pathspec 'it_academy.txtstatus' did not match any files

user@DESKTOP-B80A5JF MINGW64 ~/Documents/Komputer/Git (master)
$ git status
On branch master
Untracked files:
  (use "git add <file>..." to include in what will be committed)

        it_academy
        it_academy.txt

nothing added to commit but untracked files present (use "git add" to track)

user@DESKTOP-B80A5JF MINGW64 ~/Documents/Komputer/Git (master)
$ git status
On branch master
Untracked files:
  (use "git add <file>..." to include in what will be committed)

        it_academy
        it_academy.txt

nothing added to commit but untracked files present (use "git add" to track)

user@DESKTOP-B80A5JF MINGW64 ~/Documents/Komputer/Git (master)
$ vim text.txt

user@DESKTOP-B80A5JF MINGW64 ~/Documents/Komputer/Git (master)
$ vim test.txt

user@DESKTOP-B80A5JF MINGW64 ~/Documents/Komputer/Git (master)
$ git status
On branch master
Changes not staged for commit:
  (use "git add <file>..." to update what will be committed)
  (use "git checkout -- <file>..." to discard changes in working directory)

        modified:   test.txt

Untracked files:
  (use "git add <file>..." to include in what will be committed)

        it_academy
        it_academy.txt

no changes added to commit (use "git add" and/or "git commit -a")

user@DESKTOP-B80A5JF MINGW64 ~/Documents/Komputer/Git (master)
$ git commit -m 'only test.txt'
On branch master
Changes not staged for commit:
        modified:   test.txt

Untracked files:
        it_academy
        it_academy.txt

no changes added to commit

user@DESKTOP-B80A5JF MINGW64 ~/Documents/Komputer/Git (master)
$ git status
On branch master
Changes not staged for commit:
  (use "git add <file>..." to update what will be committed)
  (use "git checkout -- <file>..." to discard changes in working directory)

        modified:   test.txt

Untracked files:
  (use "git add <file>..." to include in what will be committed)

        it_academy
        it_academy.txt

no changes added to commit (use "git add" and/or "git commit -a")

user@DESKTOP-B80A5JF MINGW64 ~/Documents/Komputer/Git (master)
$ rm it_academy

user@DESKTOP-B80A5JF MINGW64 ~/Documents/Komputer/Git (master)
$ git branch
* master
  test_branch

user@DESKTOP-B80A5JF MINGW64 ~/Documents/Komputer/Git (master)
$ git checkout test_branch
error: Your local changes to the following files would be overwritten by checkout:
        test.txt
Please commit your changes or stash them before you switch branches.
Aborting

user@DESKTOP-B80A5JF MINGW64 ~/Documents/Komputer/Git (master)
$ Aborting
bash: Aborting: command not found

user@DESKTOP-B80A5JF MINGW64 ~/Documents/Komputer/Git (master)
$ cd ..

user@DESKTOP-B80A5JF MINGW64 ~/Documents/Komputer
$ mkdir samples

user@DESKTOP-B80A5JF MINGW64 ~/Documents/Komputer
$ cd samples

user@DESKTOP-B80A5JF MINGW64 ~/Documents/Komputer/samples
$ git clone https://github.com/Zgrzewka/test.git
Cloning into 'test'...
remote: Enumerating objects: 4, done.
remote: Counting objects: 100% (4/4), done.
remote: Compressing objects: 100% (3/3), done.
remote: Total 4 (delta 0), reused 0 (delta 0), pack-reused 0
Unpacking objects: 100% (4/4), done.

user@DESKTOP-B80A5JF MINGW64 ~/Documents/Komputer/samples
$ ls
test/

user@DESKTOP-B80A5JF MINGW64 ~/Documents/Komputer/samples
$ cd test

user@DESKTOP-B80A5JF MINGW64 ~/Documents/Komputer/samples/test (master)
$ git status
On branch master
Your branch is up to date with 'origin/master'.

nothing to commit, working tree clean

user@DESKTOP-B80A5JF MINGW64 ~/Documents/Komputer/samples/test (master)
$ ls
README.md

user@DESKTOP-B80A5JF MINGW64 ~/Documents/Komputer/samples/test (master)
$ vim README.md

user@DESKTOP-B80A5JF MINGW64 ~/Documents/Komputer/samples/test (master)
$ git add .

user@DESKTOP-B80A5JF MINGW64 ~/Documents/Komputer/samples/test (master)
$ git commit -m 'modified readme'
[master eb9215a] modified readme
 1 file changed, 3 insertions(+), 1 deletion(-)

user@DESKTOP-B80A5JF MINGW64 ~/Documents/Komputer/samples/test (master)
$ git push
Logon failed, use ctrl+c to cancel basic credential prompt.
Username for 'https://github.com': Zgrzewka
Blanka2#Enumerating objects: 5, done.
Counting objects: 100% (5/5), done.
Delta compression using up to 8 threads
Compressing objects: 100% (2/2), done.
Writing objects: 100% (3/3), 325 bytes | 325.00 KiB/s, done.
Total 3 (delta 0), reused 0 (delta 0)
To https://github.com/Zgrzewka/test.git
   6fc8a6d..eb9215a  master -> master

user@DESKTOP-B80A5JF MINGW64 ~/Documents/Komputer/samples/test (master)